################################################################################
#                                                                              #
#      IAR Universal Linker V4.60E/386                                         #
#                                                                              #
#           Link time     =  27/Nov/2015  13:51:24                             #
#           Target CPU    =  ARM                                               #
#           List file     =  C:\ARM_proj\AT1315\Debug\List\BDKGnoPLL.map       #
#           Output file 1 =  C:\ARM_proj\AT1315\Debug\Exe\BDKGnoPLL.d79        #
#                            Format: debug                                     #
#                            UBROF version 10.0.2                              #
#                            Using library modules for C-SPY (-rt)             #
#           Output file 2 =  C:\ARM_proj\AT1315\Debug\Exe\BDKGnoPLL.a79        #
#                            Format: intel-extended                            #
#           Command line  =  C:\ARM_proj\AT1315\Debug\Obj\AnswerCOM.r79        #
#                            C:\ARM_proj\AT1315\Debug\Obj\BDKGmain.r79         #
#                            C:\ARM_proj\AT1315\Debug\Obj\I2C_EEPROM.r79       #
#                            C:\ARM_proj\AT1315\Debug\Obj\InterEINT0.r79       #
#                            C:\ARM_proj\AT1315\Debug\Obj\InterTMR0.r79        #
#                            C:\ARM_proj\AT1315\Debug\Obj\InterTMR1.r79        #
#                            C:\ARM_proj\AT1315\Debug\Obj\InterUART0.r79       #
#                            C:\ARM_proj\AT1315\Debug\Obj\evba7_cstartup.r79   #
#                            -o C:\ARM_proj\AT1315\Debug\Exe\BDKGnoPLL.d79     #
#                            -l C:\ARM_proj\AT1315\Debug\List\BDKGnoPLL.map    #
#                            -xms                                              #
#                            "-IC:\Program Files\IAR Systems\Embedded Workbenc #
#                            h 4.0 Evaluation\arm\LIB\"                        #
#                            -f C:\ARM_proj\IAR_BDKG_noPLL\LPC2xxx_ROM.xcl     #
#                            (-carm -DROM_BASE_ADDR=00000000                   #
#                            -DRAM_BASE_ADDR=40000000 -DROM_SIZE=1E000         #
#                            -DRAM_SIZE=4000 -DROMSTART=(ROM_BASE_ADDR)        #
#                            -DROMEND=(ROM_BASE_ADDR+ROM_SIZE-1)               #
#                            -DRAMSTART=(RAM_BASE_ADDR)                        #
#                            -DRAMEND=(RAMSTART+RAM_SIZE-1)                    #
#                            -DIRAMSTART=RAMSTART -DIRAMEND=RAMEND             #
#                            -Z(CODE)INTVEC=ROMSTART-(ROMSTART+3F)             #
#                            -Z(CODE)ICODE,DIFUNCT=ROMSTART-ROMEND             #
#                            -Z(CODE)SWITAB=ROMSTART-ROMEND                    #
#                            -Z(CODE)CODE=ROMSTART-ROMEND                      #
#                            -Z(CONST)CODE_ID=ROMSTART-ROMEND                  #
#                            -Z(CONST)INITTAB,DATA_ID,DATA_C=ROMSTART-ROMEND   #
#                            -Z(CONST)CHECKSUM=ROMSTART-ROMEND                 #
#                            -Z(DATA)DATA_I,DATA_Z,DATA_N=RAMSTART-RAMEND      #
#                            -Z(DATA)CODE_I=RAMSTART-RAMEND -QCODE_I=CODE_ID   #
#                            -Z(DATA)CSTACK+200,FIQ_STACK+200,IRQ_STACK+200,HE #
#                            AP+0=IRAMSTART-IRAMEND)                           #
#                            -Hff -J2,crc16,,,,1,0 -rt                         #
#                            "C:\Program Files\IAR Systems\Embedded Workbench  #
#                            4.0 Evaluation\arm\LIB\dl4tpainl8n.r79"           #
#                            -Ointel-extended=C:\ARM_proj\AT1315\Debug\Exe\BDK #
#                            GnoPLL.a79                                        #
#                            -s __program_start                                #
#                                                                              #
#                        Copyright 1987-2006 IAR Systems. All rights reserved. #
################################################################################





                ****************************************
                *                                      *
                *           CROSS REFERENCE            *
                *                                      *
                ****************************************

       Program entry at :           00000000  Relocatable, from module : ?RESET




                ****************************************
                *                                      *
                *            RUNTIME MODEL             *
                *                                      *
                ****************************************

  StackAlign4            = USED
  StackAlign8            = USED
  __code_model           = *
  __cpu_mode             = __pcs__interwork
  __data_model           = absolute
  __dlib_file_descriptor = 0
  __endian               = little
  __rt_version           = 6
  __thumb_aware          = enabled



                ****************************************
                *                                      *
                *              MODULE MAP              *
                *                                      *
                ****************************************


  DEFINED ABSOLUTE ENTRIES
  PROGRAM MODULE, NAME : ?ABS_ENTRY_MOD

Absolute parts
           ENTRY                   ADDRESS         REF BY
           =====                   =======         ======
           IRAMEND                 40003FFF 
           IRAMSTART               40000000 
           RAMEND                  40003FFF 
           RAMSTART                40000000 
           ROMEND                  0001DFFF 
           ROMSTART                00000000 
           RAM_SIZE                00004000 
           ROM_SIZE                0001E000 
           RAM_BASE_ADDR           40000000 
           ROM_BASE_ADDR           00000000 
    *************************************************************************

  FILE NAME : C:\ARM_proj\AT1315\Debug\Obj\AnswerCOM.r79
  PROGRAM MODULE, NAME : AnswerCOM

  SEGMENTS IN THE MODULE
  ======================
DATA_AN
  Relative segment, address: E01FC140 - E01FC143 (0x4 bytes), align: 0
  Segment part 1. ROOT.
           ENTRY                   ADDRESS         REF BY
           =====                   =======         ======
           _A_EXTINT               E01FC140 
    -------------------------------------------------------------------------
DATA_AN
  Relative segment, address: FFFFF010 - FFFFF013 (0x4 bytes), align: 0
  Segment part 2. ROOT.
           ENTRY                   ADDRESS         REF BY
           =====                   =======         ======
           _A_VICIntEnable         FFFFF010 
    -------------------------------------------------------------------------
DATA_AN
  Relative segment, address: FFFFF014 - FFFFF017 (0x4 bytes), align: 0
  Segment part 3. ROOT.
           ENTRY                   ADDRESS         REF BY
           =====                   =======         ======
           _A_VICIntEnClear        FFFFF014 
    -------------------------------------------------------------------------
DATA_AN
  Relative segment, address: E000C000 - E000C000 (0x1 bytes), align: 0
  Segment part 4. ROOT.
           ENTRY                   ADDRESS         REF BY
           =====                   =======         ======
           U0RBRTHR                E000C000 
    -------------------------------------------------------------------------
DATA_AN
  Relative segment, address: E000C014 - E000C014 (0x1 bytes), align: 0
  Segment part 5. ROOT.
           ENTRY                   ADDRESS         REF BY
           =====                   =======         ======
           _A_U0LSR                E000C014 
    -------------------------------------------------------------------------
DATA_AN
  Relative segment, address: E0008004 - E0008007 (0x4 bytes), align: 0
  Segment part 6. ROOT.
           ENTRY                   ADDRESS         REF BY
           =====                   =======         ======
           _A_T1TCR                E0008004 
    -------------------------------------------------------------------------
DATA_AN
  Relative segment, address: E0008008 - E000800B (0x4 bytes), align: 0
  Segment part 7. ROOT.
           ENTRY                   ADDRESS         REF BY
           =====                   =======         ======
           T1TC                    E0008008 
    -------------------------------------------------------------------------
DATA_AN
  Relative segment, address: E0008010 - E0008013 (0x4 bytes), align: 0
  Segment part 8. ROOT.
           ENTRY                   ADDRESS         REF BY
           =====                   =======         ======
           T1PC                    E0008010 
    -------------------------------------------------------------------------
DATA_AN
  Relative segment, address: E0008018 - E000801B (0x4 bytes), align: 0
  Segment part 9. ROOT.
           ENTRY                   ADDRESS         REF BY
           =====                   =======         ======
           T1MR0                   E0008018 
    -------------------------------------------------------------------------
DATA_Z
  Relative segment, address: 400002F0 - 400002F7 (0x8 bytes), align: 2
  Segment part 13.            Intra module refs:   COM10
           ENTRY                   ADDRESS         REF BY
           =====                   =======         ======
           COMMAND_temp            400002F0 
    -------------------------------------------------------------------------
DATA_I
  Relative segment, address: 40000000 - 400002EF (0x2f0 bytes), align: 2
  Segment part 11.            Intra module refs:   Segment part 16
                                                   Segment part 58
                                                   Segment part 86
           ENTRY                   ADDRESS         REF BY
           =====                   =======         ======
           ByteCurrentIzm          40000004        UART0Interrupt (InterUART0)
                                                   main (BDKGmain)
           CRChi                   40000000        Segment part 51 (I2C_EEPROM)
                                                   main (BDKGmain)
           CRClo                   40000002        Segment part 50 (I2C_EEPROM)
                                                   main (BDKGmain)
           CurrentDIzm             4000000C        UART0Interrupt (InterUART0)
           TEMPERATURE             40000008 
           TimeByte                4000000B        UART0Interrupt (InterUART0)
                                                   main (BDKGmain)
           flagTIME2               4000000A        main (BDKGmain)
           LOCAL                   ADDRESS         
           =====                   =======         
           auchCRCHi               400000F0 
           auchCRCLo               400001F0 
    -------------------------------------------------------------------------
CODE
  Relative segment, address: 00000164 - 000001DF (0x7c bytes), align: 2
  Segment part 15.            Intra module refs:   COM10
                                                   COM11
                                                   COM12
                                                   COM13
                                                   COM15
                                                   COM16
                                                   COM17
                                                   COM3
                                                   COM4
                                                   COM6
                                                   COM7
                                                   COM8
                                                   COMB
                                                   COMerr
           ENTRY                   ADDRESS         REF BY
           =====                   =======         ======
           CRC16                   00000164        I2CIntevarTemperW (I2C_EEPROM)
                                                   I2CKOEFF (I2C_EEPROM)
                                                   I2CMasKoefW (I2C_EEPROM)
                                                   I2CTABLTempW (I2C_EEPROM)
                                                   ReadEEPROMIntervalTemper (I2C_EEPROM)
                                                   ReadEEPROMkoef (I2C_EEPROM)
                                                   ReadTABLtemper (I2C_EEPROM)
                                                   main (BDKGmain)
               stack 1 = 00000000 ( 0000000C )
    -------------------------------------------------------------------------
CODE
  Relative segment, address: 000001E0 - 000001E3 (0x4 bytes), align: 2
  Segment part 16.            Intra module refs:   CRC16
    -------------------------------------------------------------------------
CODE
  Relative segment, address: 000001E4 - 00000227 (0x44 bytes), align: 2
  Segment part 18.            Intra module refs:   COMB
           ENTRY                   ADDRESS         REF BY
           =====                   =======         ======
           MOVSPECTR_B_S           000001E4 
    -------------------------------------------------------------------------
CODE
  Relative segment, address: 00000228 - 0000026B (0x44 bytes), align: 2
  Segment part 20.            Intra module refs:   COM15
           ENTRY                   ADDRESS         REF BY
           =====                   =======         ======
           MOVSPECTR_S_B           00000228 
    -------------------------------------------------------------------------
CODE
  Relative segment, address: 0000026C - 000002AF (0x44 bytes), align: 2
  Segment part 24.            Intra module refs:   COMB
           ENTRY                   ADDRESS         REF BY
           =====                   =======         ======
           TURNSPECTR_B_S          0000026C 
    -------------------------------------------------------------------------
CODE
  Relative segment, address: 000002B0 - 000002F3 (0x44 bytes), align: 2
  Segment part 26.            Intra module refs:   COM15
           ENTRY                   ADDRESS         REF BY
           =====                   =======         ======
           TURNSPECTR_S_B          000002B0 
    -------------------------------------------------------------------------
CODE
  Relative segment, address: 000002F4 - 0000042F (0x13c bytes), align: 2
  Segment part 28.            Intra module refs:   COM4
           ENTRY                   ADDRESS         REF BY
           =====                   =======         ======
           TakingTemperature       000002F4 
               stack 1 = 00000000 ( 0000001C )
    -------------------------------------------------------------------------
CODE
  Relative segment, address: 00000430 - 0000044B (0x1c bytes), align: 2
  Segment part 30.            Intra module refs:   COM12
                                                   COM13
                                                   COM15
                                                   COMB
                                                   COMMANDtoUART
                                                   TABLTempUART
           ENTRY                   ADDRESS         REF BY
           =====                   =======         ======
           BYTEtoUART              00000430 
    -------------------------------------------------------------------------
CODE
  Relative segment, address: 0000044C - 0000047B (0x30 bytes), align: 2
  Segment part 32.            Intra module refs:   COM10
                                                   COM11
                                                   COM12
                                                   COM13
                                                   COM15
                                                   COM3
                                                   COM4
                                                   COM5
                                                   COM6
                                                   COM7
                                                   COM8
                                                   COMB
                                                   COMerr
                                                   TABLTempUART
           ENTRY                   ADDRESS         REF BY
           =====                   =======         ======
           COMMANDtoUART           0000044C 
               stack 1 = 00000000 ( 0000000C )
    -------------------------------------------------------------------------
CODE
  Relative segment, address: 0000047C - 0000049F (0x24 bytes), align: 2
  Segment part 36.            Intra module refs:   COM11
                                                   COM3
                                                   COM4
           ENTRY                   ADDRESS         REF BY
           =====                   =======         ======
           toCOMMAND2byte          0000047C        I2CKOEFF (I2C_EEPROM)
    -------------------------------------------------------------------------
CODE
  Relative segment, address: 000004A0 - 000004C3 (0x24 bytes), align: 2
  Segment part 40.            Intra module refs:   COM10
                                                   COM3
                                                   COM4
                                                   COM5
                                                   COM6
                                                   COM8
                                                   COMB
           ENTRY                   ADDRESS         REF BY
           =====                   =======         ======
           COMerr02                000004A0 
               stack 1 = 00000000 ( 00000004 )
    -------------------------------------------------------------------------
CODE
  Relative segment, address: 000004C4 - 00000503 (0x40 bytes), align: 2
  Segment part 42.            Intra module refs:   COM12
                                                   COM13
                                                   COM15
                                                   COM3
                                                   COM4
                                                   COM5
                                                   COM8
                                                   COMB
                                                   COMerr02
           ENTRY                   ADDRESS         REF BY
           =====                   =======         ======
           COMerr                  000004C4        main (BDKGmain)
               stack 1 = 00000000 ( 00000004 )
    -------------------------------------------------------------------------
CODE
  Relative segment, address: 00000504 - 0000055B (0x58 bytes), align: 2
  Segment part 44.            Intra module refs:   COM15
                                                   COM5
                                                   COM6
           ENTRY                   ADDRESS         REF BY
           =====                   =======         ======
           STOPEINT0               00000504        TEMPERATURA (InterTMR0)
                                                   TimerInterrupt1 (InterTMR1)
                                                   main (BDKGmain)
    -------------------------------------------------------------------------
CODE
  Relative segment, address: 0000055C - 00000593 (0x38 bytes), align: 2
  Segment part 46.            Intra module refs:   COM15
                                                   COM5
                                                   COM6
           ENTRY                   ADDRESS         REF BY
           =====                   =======         ======
           STARTEINT0              0000055C        TEMPERATURA (InterTMR0)
    -------------------------------------------------------------------------
CODE
  Relative segment, address: 00000594 - 0000079B (0x208 bytes), align: 2
  Segment part 48.
           ENTRY                   ADDRESS         REF BY
           =====                   =======         ======
           COM3                    00000594        main (BDKGmain)
               stack 1 = 00000000 ( 0000001C )
    -------------------------------------------------------------------------
CODE
  Relative segment, address: 0000079C - 0000093F (0x1a4 bytes), align: 2
  Segment part 50.
           ENTRY                   ADDRESS         REF BY
           =====                   =======         ======
           COM4                    0000079C        main (BDKGmain)
               stack 1 = 00000000 ( 00000014 )
    -------------------------------------------------------------------------
CODE
  Relative segment, address: 00000940 - 00000A7B (0x13c bytes), align: 2
  Segment part 52.
           ENTRY                   ADDRESS         REF BY
           =====                   =======         ======
           COM5                    00000940        main (BDKGmain)
               stack 1 = 00000000 ( 00000010 )
    -------------------------------------------------------------------------
CODE
  Relative segment, address: 00000A7C - 00000A7F (0x4 bytes), align: 2
  Segment part 53.            Intra module refs:   COM5
                                                   MOVSPECTR_B_S
                                                   MOVSPECTR_S_B
                                                   TURNSPECTR_B_S
                                                   TURNSPECTR_S_B
    -------------------------------------------------------------------------
CODE
  Relative segment, address: 00000A80 - 00000C3F (0x1c0 bytes), align: 2
  Segment part 55.
           ENTRY                   ADDRESS         REF BY
           =====                   =======         ======
           COM6                    00000A80        main (BDKGmain)
               stack 1 = 00000000 ( 0000001C )
    -------------------------------------------------------------------------
CODE
  Relative segment, address: 00000C40 - 00000C43 (0x4 bytes), align: 2
  Segment part 56.            Intra module refs:   COM3
                                                   COM6
    -------------------------------------------------------------------------
CODE
  Relative segment, address: 00000C44 - 00000C47 (0x4 bytes), align: 2
  Segment part 57.            Intra module refs:   COM3
                                                   COM6
    -------------------------------------------------------------------------
CODE
  Relative segment, address: 00000C48 - 00000C4B (0x4 bytes), align: 2
  Segment part 58.            Intra module refs:   COM3
                                                   COM4
                                                   COM6
                                                   TakingTemperature
    -------------------------------------------------------------------------
CODE
  Relative segment, address: 00000C4C - 00000C4F (0x4 bytes), align: 2
  Segment part 59.            Intra module refs:   COM3
                                                   COM6
    -------------------------------------------------------------------------
CODE
  Relative segment, address: 00000C50 - 00000C53 (0x4 bytes), align: 2
  Segment part 60.            Intra module refs:   COM3
                                                   COM6
    -------------------------------------------------------------------------
CODE
  Relative segment, address: 00000C54 - 00000CD7 (0x84 bytes), align: 2
  Segment part 62.
           ENTRY                   ADDRESS         REF BY
           =====                   =======         ======
           COM7                    00000C54        main (BDKGmain)
               stack 1 = 00000000 ( 00000004 )
    -------------------------------------------------------------------------
CODE
  Relative segment, address: 00000CD8 - 00000EDB (0x204 bytes), align: 2
  Segment part 64.
           ENTRY                   ADDRESS         REF BY
           =====                   =======         ======
           COM8                    00000CD8        main (BDKGmain)
               stack 1 = 00000000 ( 00000010 )
    -------------------------------------------------------------------------
CODE
  Relative segment, address: 00000EDC - 00000EDF (0x4 bytes), align: 2
  Segment part 65.            Intra module refs:   COM3
                                                   COM4
                                                   COM5
                                                   COM6
                                                   COM7
                                                   COM8
                                                   COMerr02
                                                   STARTEINT0
                                                   STOPEINT0
                                                   TakingTemperature
    -------------------------------------------------------------------------
CODE
  Relative segment, address: 00000EE0 - 00000EE3 (0x4 bytes), align: 2
  Segment part 66.            Intra module refs:   COM3
                                                   COM4
                                                   COM5
                                                   COM6
                                                   COM7
                                                   COM8
                                                   COMMANDtoUART
                                                   COMerr
                                                   CRC16
                                                   toCOMMAND2byte
    -------------------------------------------------------------------------
CODE
  Relative segment, address: 00000EE4 - 00000FD7 (0xf4 bytes), align: 2
  Segment part 68.
           ENTRY                   ADDRESS         REF BY
           =====                   =======         ======
           COMB                    00000EE4        main (BDKGmain)
               stack 1 = 00000000 ( 00000018 )
    -------------------------------------------------------------------------
CODE
  Relative segment, address: 00000FD8 - 00000FDB (0x4 bytes), align: 2
  Segment part 69.            Intra module refs:   COM5
                                                   COMB
                                                   MOVSPECTR_B_S
                                                   MOVSPECTR_S_B
                                                   TURNSPECTR_B_S
                                                   TURNSPECTR_S_B
    -------------------------------------------------------------------------
CODE
  Relative segment, address: 00000FDC - 000010D7 (0xfc bytes), align: 2
  Segment part 71.
           ENTRY                   ADDRESS         REF BY
           =====                   =======         ======
           COM10                   00000FDC        main (BDKGmain)
               stack 1 = 00000000 ( 00000010 )
    -------------------------------------------------------------------------
CODE
  Relative segment, address: 000010D8 - 00001167 (0x90 bytes), align: 2
  Segment part 73.
           ENTRY                   ADDRESS         REF BY
           =====                   =======         ======
           COM11                   000010D8        main (BDKGmain)
               stack 1 = 00000000 ( 00000008 )
    -------------------------------------------------------------------------
CODE
  Relative segment, address: 00001168 - 0000116B (0x4 bytes), align: 2
  Segment part 74.            Intra module refs:   COM10
                                                   COM11
    -------------------------------------------------------------------------
CODE
  Relative segment, address: 0000116C - 0000124B (0xe0 bytes), align: 2
  Segment part 76.
           ENTRY                   ADDRESS         REF BY
           =====                   =======         ======
           COM12                   0000116C        main (BDKGmain)
               stack 1 = 00000000 ( 00000014 )
    -------------------------------------------------------------------------
CODE
  Relative segment, address: 0000124C - 00001343 (0xf8 bytes), align: 2
  Segment part 78.
           ENTRY                   ADDRESS         REF BY
           =====                   =======         ======
           COM13                   0000124C        main (BDKGmain)
               stack 1 = 00000000 ( 00000014 )
    -------------------------------------------------------------------------
CODE
  Relative segment, address: 00001344 - 00001527 (0x1e4 bytes), align: 2
  Segment part 80.
           ENTRY                   ADDRESS         REF BY
           =====                   =======         ======
           COM15                   00001344        main (BDKGmain)
               stack 1 = 00000000 ( 00000028 )
    -------------------------------------------------------------------------
CODE
  Relative segment, address: 00001528 - 0000152B (0x4 bytes), align: 2
  Segment part 81.            Intra module refs:   COM15
    -------------------------------------------------------------------------
CODE
  Relative segment, address: 0000152C - 0000157B (0x50 bytes), align: 2
  Segment part 83.            Intra module refs:   COM16
                                                   COM17
           ENTRY                   ADDRESS         REF BY
           =====                   =======         ======
           TABLTempUART            0000152C 
               stack 1 = 00000000 ( 00000008 )
    -------------------------------------------------------------------------
CODE
  Relative segment, address: 0000157C - 00001613 (0x98 bytes), align: 2
  Segment part 85.
           ENTRY                   ADDRESS         REF BY
           =====                   =======         ======
           COM16                   0000157C        main (BDKGmain)
               stack 1 = 00000000 ( 00000010 )
    -------------------------------------------------------------------------
CODE
  Relative segment, address: 00001614 - 00001617 (0x4 bytes), align: 2
  Segment part 86.            Intra module refs:   COM12
                                                   COM13
                                                   COM15
                                                   COM16
                                                   COMB
                                                   TABLTempUART
    -------------------------------------------------------------------------
CODE
  Relative segment, address: 00001618 - 00001657 (0x40 bytes), align: 2
  Segment part 88.
           ENTRY                   ADDRESS         REF BY
           =====                   =======         ======
           COM17                   00001618        main (BDKGmain)
               stack 1 = 00000000 ( 00000004 )
    -------------------------------------------------------------------------
CODE
  Relative segment, address: 00001658 - 0000165B (0x4 bytes), align: 2
  Segment part 89.            Intra module refs:   COM10
                                                   COM11
                                                   COM12
                                                   COM13
                                                   COM15
                                                   COM16
                                                   COM17
                                                   COMB
    -------------------------------------------------------------------------
CODE
  Relative segment, address: 0000165C - 0000165F (0x4 bytes), align: 2
  Segment part 90.            Intra module refs:   COM16
                                                   COM17
                                                   TABLTempUART
    -------------------------------------------------------------------------
DATA_ID
  Relative segment, address: 0000468C - 0000497B (0x2f0 bytes), align: 2
  Segment part 12.            Intra module refs:   Segment part 11
    -------------------------------------------------------------------------
INITTAB
  Relative segment, address: 00004674 - 0000467F (0xc bytes), align: 2
  Segment part 116. ROOT.
           ENTRY                   ADDRESS         REF BY
           =====                   =======         ======
           ?init?tab?DATA_Z        00004674 
    -------------------------------------------------------------------------
INITTAB
  Relative segment, address: 00004680 - 0000468B (0xc bytes), align: 2
  Segment part 118. ROOT.
           ENTRY                   ADDRESS         REF BY
           =====                   =======         ======
           ?init?tab?DATA_I        00004680 

    *************************************************************************

  FILE NAME : C:\ARM_proj\AT1315\Debug\Obj\BDKGmain.r79
  PROGRAM MODULE, NAME : BDKGmain

  SEGMENTS IN THE MODULE
  ======================
DATA_AN
  Relative segment, address: FFE00008 - FFE0000B (0x4 bytes), align: 0
  Segment part 1. ROOT.
           ENTRY                   ADDRESS         REF BY
           =====                   =======         ======
           _A_BCFG2                FFE00008 
    -------------------------------------------------------------------------
DATA_AN
  Relative segment, address: FFE0000C - FFE0000F (0x4 bytes), align: 0
  Segment part 2. ROOT.
           ENTRY                   ADDRESS         REF BY
           =====                   =======         ======
           _A_BCFG3                FFE0000C 
    -------------------------------------------------------------------------
DATA_AN
  Relative segment, address: E01FC040 - E01FC043 (0x4 bytes), align: 0
  Segment part 3. ROOT.
           ENTRY                   ADDRESS         REF BY
           =====                   =======         ======
           _A_MEMMAP               E01FC040 
    -------------------------------------------------------------------------
DATA_AN
  Relative segment, address: E01FC0C4 - E01FC0C7 (0x4 bytes), align: 0
  Segment part 4. ROOT.
           ENTRY                   ADDRESS         REF BY
           =====                   =======         ======
           _A_PCONP                E01FC0C4 
    -------------------------------------------------------------------------
DATA_AN
  Relative segment, address: E01FC100 - E01FC103 (0x4 bytes), align: 0
  Segment part 5. ROOT.
           ENTRY                   ADDRESS         REF BY
           =====                   =======         ======
           _A_VPBDIV               E01FC100 
    -------------------------------------------------------------------------
DATA_AN
  Relative segment, address: E01FC000 - E01FC003 (0x4 bytes), align: 0
  Segment part 6. ROOT.
           ENTRY                   ADDRESS         REF BY
           =====                   =======         ======
           _A_MAMCR                E01FC000 
    -------------------------------------------------------------------------
DATA_AN
  Relative segment, address: E01FC004 - E01FC007 (0x4 bytes), align: 0
  Segment part 7. ROOT.
           ENTRY                   ADDRESS         REF BY
           =====                   =======         ======
           _A_MAMTIM               E01FC004 
    -------------------------------------------------------------------------
DATA_AN
  Relative segment, address: FFFFF030 - FFFFF033 (0x4 bytes), align: 0
  Segment part 10. ROOT.
           ENTRY                   ADDRESS         REF BY
           =====                   =======         ======
           VICVectAddr             FFFFF030 
    -------------------------------------------------------------------------
DATA_AN
  Relative segment, address: FFFFF10C - FFFFF10F (0x4 bytes), align: 0
  Segment part 11. ROOT.
           ENTRY                   ADDRESS         REF BY
           =====                   =======         ======
           VICVectAddr3            FFFFF10C 
    -------------------------------------------------------------------------
DATA_AN
  Relative segment, address: FFFFF20C - FFFFF20F (0x4 bytes), align: 0
  Segment part 12. ROOT.
           ENTRY                   ADDRESS         REF BY
           =====                   =======         ======
           _A_VICVectCntl3         FFFFF20C 
    -------------------------------------------------------------------------
DATA_AN
  Relative segment, address: E002C000 - E002C003 (0x4 bytes), align: 0
  Segment part 13. ROOT.
           ENTRY                   ADDRESS         REF BY
           =====                   =======         ======
           _A_PINSEL0              E002C000 
    -------------------------------------------------------------------------
DATA_AN
  Relative segment, address: E002C014 - E002C017 (0x4 bytes), align: 0
  Segment part 14. ROOT.
           ENTRY                   ADDRESS         REF BY
           =====                   =======         ======
           _A_PINSEL2              E002C014 
    -------------------------------------------------------------------------
DATA_AN
  Relative segment, address: E0028004 - E0028007 (0x4 bytes), align: 0
  Segment part 15. ROOT.
           ENTRY                   ADDRESS         REF BY
           =====                   =======         ======
           _A_IO0SET               E0028004 
    -------------------------------------------------------------------------
DATA_AN
  Relative segment, address: E0028008 - E002800B (0x4 bytes), align: 0
  Segment part 16. ROOT.
           ENTRY                   ADDRESS         REF BY
           =====                   =======         ======
           _A_IO0DIR               E0028008 
    -------------------------------------------------------------------------
DATA_AN
  Relative segment, address: E002800C - E002800F (0x4 bytes), align: 0
  Segment part 17. ROOT.
           ENTRY                   ADDRESS         REF BY
           =====                   =======         ======
           _A_IO0CLR               E002800C 
    -------------------------------------------------------------------------
DATA_AN
  Relative segment, address: E0028024 - E0028027 (0x4 bytes), align: 0
  Segment part 18. ROOT.
           ENTRY                   ADDRESS         REF BY
           =====                   =======         ======
           _A_IO2SET               E0028024 
    -------------------------------------------------------------------------
DATA_AN
  Relative segment, address: E0028028 - E002802B (0x4 bytes), align: 0
  Segment part 19. ROOT.
           ENTRY                   ADDRESS         REF BY
           =====                   =======         ======
           _A_IO2DIR               E0028028 
    -------------------------------------------------------------------------
DATA_AN
  Relative segment, address: E0028034 - E0028037 (0x4 bytes), align: 0
  Segment part 20. ROOT.
           ENTRY                   ADDRESS         REF BY
           =====                   =======         ======
           _A_IO3SET               E0028034 
    -------------------------------------------------------------------------
DATA_AN
  Relative segment, address: E0028038 - E002803B (0x4 bytes), align: 0
  Segment part 21. ROOT.
           ENTRY                   ADDRESS         REF BY
           =====                   =======         ======
           _A_IO3DIR               E0028038 
    -------------------------------------------------------------------------
DATA_AN
  Relative segment, address: E0004000 - E0004003 (0x4 bytes), align: 0
  Segment part 22. ROOT.
           ENTRY                   ADDRESS         REF BY
           =====                   =======         ======
           _A_T0IR                 E0004000 
    -------------------------------------------------------------------------
DATA_AN
  Relative segment, address: E0004004 - E0004007 (0x4 bytes), align: 0
  Segment part 23. ROOT.
           ENTRY                   ADDRESS         REF BY
           =====                   =======         ======
           _A_T0TCR                E0004004 
    -------------------------------------------------------------------------
DATA_AN
  Relative segment, address: E0004008 - E000400B (0x4 bytes), align: 0
  Segment part 24. ROOT.
           ENTRY                   ADDRESS         REF BY
           =====                   =======         ======
           T0TC                    E0004008 
    -------------------------------------------------------------------------
DATA_AN
  Relative segment, address: E0004018 - E000401B (0x4 bytes), align: 0
  Segment part 25. ROOT.
           ENTRY                   ADDRESS         REF BY
           =====                   =======         ======
           T0MR0                   E0004018 
    -------------------------------------------------------------------------
DATA_AN
  Relative segment, address: E0008000 - E0008003 (0x4 bytes), align: 0
  Segment part 26. ROOT.
           ENTRY                   ADDRESS         REF BY
           =====                   =======         ======
           _A_T1IR                 E0008000 
    -------------------------------------------------------------------------
DATA_AN
  Relative segment, address: E0000000 - E0000003 (0x4 bytes), align: 0
  Segment part 29. ROOT.
           ENTRY                   ADDRESS         REF BY
           =====                   =======         ======
           _A_WDMOD                E0000000 
    -------------------------------------------------------------------------
DATA_AN
  Relative segment, address: E0000004 - E0000007 (0x4 bytes), align: 0
  Segment part 30. ROOT.
           ENTRY                   ADDRESS         REF BY
           =====                   =======         ======
           WDTC                    E0000004 
    -------------------------------------------------------------------------
DATA_AN
  Relative segment, address: E0000008 - E000000B (0x4 bytes), align: 0
  Segment part 31. ROOT.
           ENTRY                   ADDRESS         REF BY
           =====                   =======         ======
           _A_WDFEED               E0000008 
    -------------------------------------------------------------------------
DATA_Z
  Relative segment, address: 400002F8 - 4000033B (0x44 bytes), align: 2
  Segment part 33.            Intra module refs:   ClearCOMMAND
                                                   main
           ENTRY                   ADDRESS         REF BY
           =====                   =======         ======
           ByteCOMMAND             4000031C        UART0Interrupt (InterUART0)
           COMMAND                 40000300        I2CKOEFF (I2C_EEPROM)
                                                   Segment part 66 (AnswerCOM)
                                                   Segment part 89 (AnswerCOM)
                                                   UART0Interrupt (InterUART0)
           FLAG                    40000318        Segment part 24 (InterEINT0)
                                                   Segment part 27 (InterTMR0)
                                                   Segment part 55 (I2C_EEPROM)
                                                   Segment part 65 (AnswerCOM)
                                                   TimerInterrupt1 (InterTMR1)
                                                   UART0Interrupt (InterUART0)
           KODADC                  400002F8        ReadEEPROMkoef (I2C_EEPROM)
                                                   SETKOEFF (InterTMR0)
                                                   Segment part 59 (AnswerCOM)
           MAXPOROG                400002FC        ReadEEPROMkoef (I2C_EEPROM)
                                                   Segment part 60 (AnswerCOM)
           MINPOROG                400002FA        ReadEEPROMkoef (I2C_EEPROM)
                                                   Segment part 57 (AnswerCOM)
           PCLK_VPB                40000324        InitialiseTimer1 (InterTMR1)
                                                   InitialiseUART0 (InterUART0)
           SoftTimerCT             40000328 
           SoftTimerCT_save        4000032C 
           SoftTimerCT_save1       40000330 
           SoftTimerVal            40000334        UART0Interrupt (InterUART0)
           T1TC_temp               40000338        IntEINT0 (InterEINT0)
           TIMEIZMsek              40000320        InitialiseTimer1 (InterTMR1)
                                                   Segment part 56 (AnswerCOM)
           dPeriod                 40000310        Segment part 21 (InterTMR0)
    -------------------------------------------------------------------------
DATA_Z
  Relative segment, address: 40002068 - 40002069 (0x2 bytes), align: 1
  Segment part 34.
           ENTRY                   ADDRESS         REF BY
           =====                   =======         ======
           KODADCEEPROM            40002068        COM6 (AnswerCOM)
                                                   ReadEEPROMkoef (I2C_EEPROM)
                                                   SETKOEFF (InterTMR0)
    -------------------------------------------------------------------------
CODE
  Relative segment, address: 00001660 - 000016C3 (0x64 bytes), align: 2
  Segment part 42.
           ENTRY                   ADDRESS         REF BY
           =====                   =======         ======
           Pirq                    00001660        __program_start (?RESET)
               stack 1 = 00000000 ( 00000018 )
    -------------------------------------------------------------------------
CODE
  Relative segment, address: 000016C4 - 000016E3 (0x20 bytes), align: 2
  Segment part 44.            Intra module refs:   main
           ENTRY                   ADDRESS         REF BY
           =====                   =======         ======
           ClearCOMMAND            000016C4        COMerr (AnswerCOM)
    -------------------------------------------------------------------------
CODE
  Relative segment, address: 000016E4 - 00001707 (0x24 bytes), align: 2
  Segment part 46.            Intra module refs:   main
           ENTRY                   ADDRESS         REF BY
           =====                   =======         ======
           ClearSPECTR             000016E4        COM5 (AnswerCOM)
               stack 1 = 00000000 ( 00000004 )
    -------------------------------------------------------------------------
CODE
  Relative segment, address: 00001708 - 000017BF (0xb8 bytes), align: 2
  Segment part 48.            Intra module refs:   main
           ENTRY                   ADDRESS         REF BY
           =====                   =======         ======
           InitialiseEMC           00001708 
               stack 1 = 00000000 ( 00000004 )
    -------------------------------------------------------------------------
CODE
  Relative segment, address: 000017C0 - 000017C3 (0x4 bytes), align: 2
  Segment part 50.            Intra module refs:   main
           ENTRY                   ADDRESS         REF BY
           =====                   =======         ======
           WDT_Interupt            000017C0 
    -------------------------------------------------------------------------
CODE
  Relative segment, address: 000017C4 - 00001D7B (0x5b8 bytes), align: 2
  Segment part 54.
           ENTRY                   ADDRESS         REF BY
           =====                   =======         ======
           main                    000017C4        _main (?CMAIN)
               stack 1 = 00000000 ( 00000024 )

    *************************************************************************

  FILE NAME : C:\ARM_proj\AT1315\Debug\Obj\I2C_EEPROM.r79
  PROGRAM MODULE, NAME : I2C_EEPROM

  SEGMENTS IN THE MODULE
  ======================
DATA_AN
  Relative segment, address: E001C000 - E001C003 (0x4 bytes), align: 0
  Segment part 3. ROOT.
           ENTRY                   ADDRESS         REF BY
           =====                   =======         ======
           _A_I2CONSET             E001C000 
    -------------------------------------------------------------------------
DATA_AN
  Relative segment, address: E001C004 - E001C007 (0x4 bytes), align: 0
  Segment part 4. ROOT.
           ENTRY                   ADDRESS         REF BY
           =====                   =======         ======
           _A_I2STAT               E001C004 
    -------------------------------------------------------------------------
DATA_AN
  Relative segment, address: E001C008 - E001C00B (0x4 bytes), align: 0
  Segment part 5. ROOT.
           ENTRY                   ADDRESS         REF BY
           =====                   =======         ======
           _A_I2DAT                E001C008 
    -------------------------------------------------------------------------
DATA_AN
  Relative segment, address: E001C010 - E001C013 (0x4 bytes), align: 0
  Segment part 6. ROOT.
           ENTRY                   ADDRESS         REF BY
           =====                   =======         ======
           _A_I2SCLH               E001C010 
    -------------------------------------------------------------------------
DATA_AN
  Relative segment, address: E001C014 - E001C017 (0x4 bytes), align: 0
  Segment part 7. ROOT.
           ENTRY                   ADDRESS         REF BY
           =====                   =======         ======
           _A_I2SCLL               E001C014 
    -------------------------------------------------------------------------
DATA_AN
  Relative segment, address: E001C018 - E001C01B (0x4 bytes), align: 0
  Segment part 8. ROOT.
           ENTRY                   ADDRESS         REF BY
           =====                   =======         ======
           _A_I2CONCLR             E001C018 
    -------------------------------------------------------------------------
DATA_Z
  Relative segment, address: 4000033C - 40000343 (0x8 bytes), align: 2
  Segment part 10.            Intra module refs:   Segment part 42
           ENTRY                   ADDRESS         REF BY
           =====                   =======         ======
           MasInt                  4000033C        COM6 (AnswerCOM)
    -------------------------------------------------------------------------
DATA_Z
  Relative segment, address: 40000344 - 400003D7 (0x94 bytes), align: 2
  Segment part 11.            Intra module refs:   I2CMasKoefR
                                                   Segment part 45
                                                   Segment part 54
           ENTRY                   ADDRESS         REF BY
           =====                   =======         ======
           MasEEPROMKoef           400003C4        Segment part 74 (AnswerCOM)
                                                   main (BDKGmain)
           TABLTemperCORR          40000344        SETKOEFF (InterTMR0)
                                                   Segment part 90 (AnswerCOM)
                                                   UART0Interrupt (InterUART0)
    -------------------------------------------------------------------------
CODE
  Relative segment, address: 00001D7C - 00001DD3 (0x58 bytes), align: 2
  Segment part 13.
           ENTRY                   ADDRESS         REF BY
           =====                   =======         ======
           i2c_lpc_init            00001D7C        main (BDKGmain)
    -------------------------------------------------------------------------
CODE
  Relative segment, address: 00001DD4 - 00001DF7 (0x24 bytes), align: 2
  Segment part 15.            Intra module refs:   I2C_EEPROM_wr
                                                   I2C_m24xx_rd
           ENTRY                   ADDRESS         REF BY
           =====                   =======         ======
           i2c_lpc_wr_byte         00001DD4 
    -------------------------------------------------------------------------
CODE
  Relative segment, address: 00001DF8 - 00001E17 (0x20 bytes), align: 2
  Segment part 17.            Intra module refs:   I2C_EEPROM_wr
                                                   I2C_m24xx_rd
                                                   i2c_lpc_ctrl
           ENTRY                   ADDRESS         REF BY
           =====                   =======         ======
           i2c_lpc_stop            00001DF8 
    -------------------------------------------------------------------------
CODE
  Relative segment, address: 00001E18 - 00001E9F (0x88 bytes), align: 2
  Segment part 19.            Intra module refs:   I2C_EEPROM_wr
                                                   I2C_m24xx_rd
           ENTRY                   ADDRESS         REF BY
           =====                   =======         ======
           i2c_lpc_ctrl            00001E18 
               stack 1 = 00000000 ( 00000004 )
    -------------------------------------------------------------------------
CODE
  Relative segment, address: 00001EA0 - 00001F2B (0x8c bytes), align: 2
  Segment part 21.            Intra module refs:   I2C_m24xx_rd
           ENTRY                   ADDRESS         REF BY
           =====                   =======         ======
           i2c_lpc_rx_to_buf       00001EA0 
    -------------------------------------------------------------------------
CODE
  Relative segment, address: 00001F2C - 00001FAF (0x84 bytes), align: 2
  Segment part 23.            Intra module refs:   I2C_EEPROM_wr
           ENTRY                   ADDRESS         REF BY
           =====                   =======         ======
           i2c_lpc_ask_polling_op
                                   00001F2C 
    -------------------------------------------------------------------------
CODE
  Relative segment, address: 00001FB0 - 00002027 (0x78 bytes), align: 2
  Segment part 27.            Intra module refs:   I2C_m24xx_wr
           ENTRY                   ADDRESS         REF BY
           =====                   =======         ======
           I2C_EEPROM_wr           00001FB0 
               stack 1 = 00000000 ( 00000010 )
    -------------------------------------------------------------------------
CODE
  Relative segment, address: 00002028 - 0000213F (0x118 bytes), align: 2
  Segment part 29.            Intra module refs:   I2CIntevarTemperW
                                                   I2CKOEFF
                                                   I2CMasKoefW
                                                   I2CTABLTempFlagW
                                                   I2CTABLTempW
                                                   ReadEEPROMkoef
           ENTRY                   ADDRESS         REF BY
           =====                   =======         ======
           I2C_m24xx_wr            00002028 
               stack 1 = 00000000 ( 00000024 )
    -------------------------------------------------------------------------
CODE
  Relative segment, address: 00002140 - 00002207 (0xc8 bytes), align: 2
  Segment part 31.            Intra module refs:   I2CMasKoefR
                                                   I2CTABLTempFlagW
                                                   ReadEEPROMIntervalTemper
                                                   ReadEEPROMkoef
                                                   ReadTABLtemper
           ENTRY                   ADDRESS         REF BY
           =====                   =======         ======
           I2C_m24xx_rd            00002140 
               stack 1 = 00000000 ( 00000024 )
    -------------------------------------------------------------------------
CODE
  Relative segment, address: 00002208 - 000023A3 (0x19c bytes), align: 2
  Segment part 33.
           ENTRY                   ADDRESS         REF BY
           =====                   =======         ======
           ReadEEPROMkoef          00002208        main (BDKGmain)
               stack 1 = 00000000 ( 00000018 )
    -------------------------------------------------------------------------
CODE
  Relative segment, address: 000023A4 - 000024B7 (0x114 bytes), align: 2
  Segment part 35.
           ENTRY                   ADDRESS         REF BY
           =====                   =======         ======
           I2CKOEFF                000023A4        COM6 (AnswerCOM)
               stack 1 = 00000000 ( 00000014 )
    -------------------------------------------------------------------------
CODE
  Relative segment, address: 000024B8 - 0000256B (0xb4 bytes), align: 2
  Segment part 37.
           ENTRY                   ADDRESS         REF BY
           =====                   =======         ======
           ReadTABLtemper          000024B8        main (BDKGmain)
               stack 1 = 00000000 ( 0000000C )
    -------------------------------------------------------------------------
CODE
  Relative segment, address: 0000256C - 0000265F (0xf4 bytes), align: 2
  Segment part 39.
           ENTRY                   ADDRESS         REF BY
           =====                   =======         ======
           ReadEEPROMIntervalTemper
                                   0000256C        COM6 (AnswerCOM)
                                                   main (BDKGmain)
               stack 1 = 00000000 ( 0000000C )
    -------------------------------------------------------------------------
CODE
  Relative segment, address: 00002660 - 000026AB (0x4c bytes), align: 2
  Segment part 41.
           ENTRY                   ADDRESS         REF BY
           =====                   =======         ======
           I2CIntevarTemperW       00002660        COM6 (AnswerCOM)
               stack 1 = 00000000 ( 00000008 )
    -------------------------------------------------------------------------
CODE
  Relative segment, address: 000026AC - 000026AF (0x4 bytes), align: 2
  Segment part 42.            Intra module refs:   I2CIntevarTemperW
                                                   ReadEEPROMIntervalTemper
    -------------------------------------------------------------------------
CODE
  Relative segment, address: 000026B0 - 000026FB (0x4c bytes), align: 2
  Segment part 44.
           ENTRY                   ADDRESS         REF BY
           =====                   =======         ======
           I2CMasKoefW             000026B0        COM10 (AnswerCOM)
               stack 1 = 00000000 ( 00000008 )
    -------------------------------------------------------------------------
CODE
  Relative segment, address: 000026FC - 000026FF (0x4 bytes), align: 2
  Segment part 45.            Intra module refs:   I2CMasKoefW
                                                   ReadEEPROMkoef
    -------------------------------------------------------------------------
CODE
  Relative segment, address: 00002700 - 0000271F (0x20 bytes), align: 2
  Segment part 47.
           ENTRY                   ADDRESS         REF BY
           =====                   =======         ======
           I2CMasKoefR             00002700        COM11 (AnswerCOM)
               stack 1 = 00000000 ( 00000004 )
    -------------------------------------------------------------------------
CODE
  Relative segment, address: 00002720 - 0000276B (0x4c bytes), align: 2
  Segment part 49.            Intra module refs:   ReadTABLtemper
           ENTRY                   ADDRESS         REF BY
           =====                   =======         ======
           I2CTABLTempW            00002720        COM16 (AnswerCOM)
               stack 1 = 00000000 ( 00000008 )
    -------------------------------------------------------------------------
CODE
  Relative segment, address: 0000276C - 0000276F (0x4 bytes), align: 2
  Segment part 50.            Intra module refs:   I2CIntevarTemperW
                                                   I2CKOEFF
                                                   I2CMasKoefW
                                                   I2CTABLTempW
                                                   ReadEEPROMIntervalTemper
                                                   ReadEEPROMkoef
                                                   ReadTABLtemper
    -------------------------------------------------------------------------
CODE
  Relative segment, address: 00002770 - 00002773 (0x4 bytes), align: 2
  Segment part 51.            Intra module refs:   I2CIntevarTemperW
                                                   I2CKOEFF
                                                   I2CMasKoefW
                                                   I2CTABLTempW
                                                   ReadEEPROMIntervalTemper
                                                   ReadEEPROMkoef
                                                   ReadTABLtemper
    -------------------------------------------------------------------------
CODE
  Relative segment, address: 00002774 - 000027EB (0x78 bytes), align: 2
  Segment part 53.
           ENTRY                   ADDRESS         REF BY
           =====                   =======         ======
           I2CTABLTempFlagW        00002774        COM5 (AnswerCOM)
               stack 1 = 00000000 ( 0000000C )
    -------------------------------------------------------------------------
CODE
  Relative segment, address: 000027EC - 000027EF (0x4 bytes), align: 2
  Segment part 54.            Intra module refs:   I2CKOEFF
                                                   I2CTABLTempFlagW
                                                   I2CTABLTempW
                                                   ReadTABLtemper
    -------------------------------------------------------------------------
CODE
  Relative segment, address: 000027F0 - 000027F3 (0x4 bytes), align: 2
  Segment part 55.            Intra module refs:   I2CKOEFF
                                                   I2CTABLTempFlagW
                                                   ReadEEPROMkoef
                                                   ReadTABLtemper

    *************************************************************************

  FILE NAME : C:\ARM_proj\AT1315\Debug\Obj\InterEINT0.r79
  PROGRAM MODULE, NAME : InterEINT0

  SEGMENTS IN THE MODULE
  ======================
DATA_AN
  Relative segment, address: E01FC148 - E01FC14B (0x4 bytes), align: 0
  Segment part 2. ROOT.
           ENTRY                   ADDRESS         REF BY
           =====                   =======         ======
           _A_EXTMODE              E01FC148 
    -------------------------------------------------------------------------
DATA_AN
  Relative segment, address: E01FC14C - E01FC14F (0x4 bytes), align: 0
  Segment part 3. ROOT.
           ENTRY                   ADDRESS         REF BY
           =====                   =======         ======
           _A_EXTPOLAR             E01FC14C 
    -------------------------------------------------------------------------
DATA_AN
  Relative segment, address: FFFFF00C - FFFFF00F (0x4 bytes), align: 0
  Segment part 4. ROOT.
           ENTRY                   ADDRESS         REF BY
           =====                   =======         ======
           _A_VICIntSelect         FFFFF00C 
    -------------------------------------------------------------------------
DATA_AN
  Relative segment, address: E002C004 - E002C007 (0x4 bytes), align: 0
  Segment part 5. ROOT.
           ENTRY                   ADDRESS         REF BY
           =====                   =======         ======
           _A_PINSEL1              E002C004 
    -------------------------------------------------------------------------
DATA_AN
  Relative segment, address: E0028000 - E0028003 (0x4 bytes), align: 0
  Segment part 6. ROOT.
           ENTRY                   ADDRESS         REF BY
           =====                   =======         ======
           _A_IO0PIN               E0028000 
    -------------------------------------------------------------------------
DATA_AN
  Relative segment, address: E0028020 - E0028023 (0x4 bytes), align: 0
  Segment part 10. ROOT.
           ENTRY                   ADDRESS         REF BY
           =====                   =======         ======
           _A_IO2PIN               E0028020 
    -------------------------------------------------------------------------
DATA_AN
  Relative segment, address: E002802C - E002802F (0x4 bytes), align: 0
  Segment part 12. ROOT.
           ENTRY                   ADDRESS         REF BY
           =====                   =======         ======
           _A_IO2CLR               E002802C 
    -------------------------------------------------------------------------
DATA_Z
  Relative segment, address: 400003D8 - 40000FDB (0xc04 bytes), align: 2
  Segment part 16.
           ENTRY                   ADDRESS         REF BY
           =====                   =======         ======
           BUFFSPECTR              400003D8        Segment part 69 (AnswerCOM)
                                                   Segment part 81 (AnswerCOM)
                                                   UART0Interrupt (InterUART0)
    -------------------------------------------------------------------------
DATA_Z
  Relative segment, address: 40000FDC - 40001FDF (0x1004 bytes), align: 2
  Segment part 17.            Intra module refs:   IntEINT0
           ENTRY                   ADDRESS         REF BY
           =====                   =======         ======
           SPECTR                  40000FDC        ClearSPECTR (BDKGmain)
                                                   Segment part 53 (AnswerCOM)
    -------------------------------------------------------------------------
DATA_Z
  Relative segment, address: 40001FE0 - 40001FE5 (0x6 bytes), align: 2
  Segment part 18.            Intra module refs:   IntEINT0
           ENTRY                   ADDRESS         REF BY
           =====                   =======         ======
           DAC                     40001FE0        main (BDKGmain)
           FLAGOver3byte           40001FE5        COM8 (AnswerCOM)
           FLAGdac128              40001FE4 
    -------------------------------------------------------------------------
CODE
  Relative segment, address: 000027F4 - 0000283B (0x48 bytes), align: 2
  Segment part 21.
           ENTRY                   ADDRESS         REF BY
           =====                   =======         ======
           InitialiseEINT0         000027F4        main (BDKGmain)
    -------------------------------------------------------------------------
CODE
  Relative segment, address: 0000283C - 000029DB (0x1a0 bytes), align: 2
  Segment part 22.
           ENTRY                   ADDRESS         REF BY
           =====                   =======         ======
           IntEINT0                0000283C        __program_start (?RESET)
               stack 1 = 00000000 ( 00000018 )
    -------------------------------------------------------------------------
CODE
  Relative segment, address: 000029DC - 000029DF (0x4 bytes), align: 2
  Segment part 23.            Intra module refs:   InitialiseEINT0
                                                   IntEINT0
    -------------------------------------------------------------------------
CODE
  Relative segment, address: 000029E0 - 000029E3 (0x4 bytes), align: 2
  Segment part 24.            Intra module refs:   InitialiseEINT0
                                                   IntEINT0
    -------------------------------------------------------------------------
CODE
  Relative segment, address: 000029E4 - 00002BAB (0x1c8 bytes), align: 2
  Segment part 26.
           ENTRY                   ADDRESS         REF BY
           =====                   =======         ======
           ZAPFACTOR               000029E4        COM6 (AnswerCOM)
                                                   SETKOEFF (InterTMR0)
                                                   main (BDKGmain)
               stack 1 = 00000000 ( 00000004 )

    *************************************************************************

  FILE NAME : C:\ARM_proj\AT1315\Debug\Obj\InterTMR0.r79
  PROGRAM MODULE, NAME : InterTMR0

  SEGMENTS IN THE MODULE
  ======================
DATA_AN
  Relative segment, address: FFFFF104 - FFFFF107 (0x4 bytes), align: 0
  Segment part 1. ROOT.
           ENTRY                   ADDRESS         REF BY
           =====                   =======         ======
           VICVectAddr1            FFFFF104 
    -------------------------------------------------------------------------
DATA_AN
  Relative segment, address: FFFFF204 - FFFFF207 (0x4 bytes), align: 0
  Segment part 2. ROOT.
           ENTRY                   ADDRESS         REF BY
           =====                   =======         ======
           _A_VICVectCntl1         FFFFF204 
    -------------------------------------------------------------------------
DATA_AN
  Relative segment, address: E000400C - E000400F (0x4 bytes), align: 0
  Segment part 7. ROOT.
           ENTRY                   ADDRESS         REF BY
           =====                   =======         ======
           T0PR                    E000400C 
    -------------------------------------------------------------------------
DATA_AN
  Relative segment, address: E0004010 - E0004013 (0x4 bytes), align: 0
  Segment part 8. ROOT.
           ENTRY                   ADDRESS         REF BY
           =====                   =======         ======
           T0PC                    E0004010 
    -------------------------------------------------------------------------
DATA_AN
  Relative segment, address: E0004014 - E0004017 (0x4 bytes), align: 0
  Segment part 9. ROOT.
           ENTRY                   ADDRESS         REF BY
           =====                   =======         ======
           _A_T0MCR                E0004014 
    -------------------------------------------------------------------------
DATA_Z
  Relative segment, address: 40001FE8 - 4000205B (0x74 bytes), align: 2
  Segment part 12.            Intra module refs:   Segment part 22
                                                   Segment part 30
                                                   TimerInterrupt0
           ENTRY                   ADDRESS         REF BY
           =====                   =======         ======
           FLAGrez                 40002058 
           IndMasTemper            40002050 
           MasTemper               40002000 
           TEMPERFLOAT             40001FF8        I2CKOEFF (I2C_EEPROM)
                                                   TakingTemperature (AnswerCOM)
           TEMPERFLOATtek          40001FFC        TakingTemperature (AnswerCOM)
           TH                      40001FEC 
           TIMER0_INTERVAL         40002054        COM3 (AnswerCOM)
                                                   ReadEEPROMIntervalTemper (I2C_EEPROM)
           TL                      40001FF0 
           Temp_i                  40001FF4        COM6 (AnswerCOM)
                                                   main (BDKGmain)
           ulGlobalMaxTimer0Value
                                   40001FE8 
    -------------------------------------------------------------------------
CODE
  Relative segment, address: 00002BAC - 00002C2B (0x80 bytes), align: 2
  Segment part 14.
           ENTRY                   ADDRESS         REF BY
           =====                   =======         ======
           InitialiseTimer0        00002BAC        COM6 (AnswerCOM)
                                                   main (BDKGmain)
               stack 1 = 00000000 ( 0000000C )
    -------------------------------------------------------------------------
CODE
  Relative segment, address: 00002C2C - 00002C4F (0x24 bytes), align: 2
  Segment part 16.            Intra module refs:   TEMPERATURA
                                                   TimerInterrupt0
           ENTRY                   ADDRESS         REF BY
           =====                   =======         ======
           RESETTMR0               00002C2C        COM6 (AnswerCOM)
    -------------------------------------------------------------------------
CODE
  Relative segment, address: 00002C50 - 00002CAF (0x60 bytes), align: 2
  Segment part 18.            Intra module refs:   InitialiseTimer0
           ENTRY                   ADDRESS         REF BY
           =====                   =======         ======
           TimerInterrupt0         00002C50 
               stack 1 = 00000000 ( 00000004 )
    -------------------------------------------------------------------------
CODE
  Relative segment, address: 00002CB0 - 00002EAB (0x1fc bytes), align: 2
  Segment part 20.            Intra module refs:   TEMPERATURA1
           ENTRY                   ADDRESS         REF BY
           =====                   =======         ======
           TEMPERATURA             00002CB0        main (BDKGmain)
               stack 1 = 00000000 ( 00000020 )
    -------------------------------------------------------------------------
CODE
  Relative segment, address: 00002EAC - 00002EAF (0x4 bytes), align: 2
  Segment part 21.            Intra module refs:   InitialiseTimer0
                                                   TEMPERATURA
    -------------------------------------------------------------------------
CODE
  Relative segment, address: 00002EB0 - 00002EB3 (0x4 bytes), align: 2
  Segment part 22.            Intra module refs:   InitialiseTimer0
                                                   TEMPERATURA
    -------------------------------------------------------------------------
CODE
  Relative segment, address: 00002EB4 - 00002EFF (0x4c bytes), align: 2
  Segment part 24.            Intra module refs:   TEMPERATURA1
           ENTRY                   ADDRESS         REF BY
           =====                   =======         ======
           MIDTEMPER               00002EB4        main (BDKGmain)
               stack 1 = 00000000 ( 0000000C )
    -------------------------------------------------------------------------
CODE
  Relative segment, address: 00002F00 - 00002FC3 (0xc4 bytes), align: 2
  Segment part 26.
           ENTRY                   ADDRESS         REF BY
           =====                   =======         ======
           SETKOEFF                00002F00        COM6 (AnswerCOM)
                                                   main (BDKGmain)
               stack 1 = 00000000 ( 0000000C )
    -------------------------------------------------------------------------
CODE
  Relative segment, address: 00002FC4 - 00002FC7 (0x4 bytes), align: 2
  Segment part 27.            Intra module refs:   SETKOEFF
                                                   TEMPERATURA
                                                   TimerInterrupt0
    -------------------------------------------------------------------------
CODE
  Relative segment, address: 00002FC8 - 00003007 (0x40 bytes), align: 2
  Segment part 29.
           ENTRY                   ADDRESS         REF BY
           =====                   =======         ======
           TEMPERATURA1            00002FC8        main (BDKGmain)
               stack 1 = 00000000 ( 00000008 )
    -------------------------------------------------------------------------
CODE
  Relative segment, address: 00003008 - 0000300B (0x4 bytes), align: 2
  Segment part 30.            Intra module refs:   MIDTEMPER
                                                   SETKOEFF
                                                   TEMPERATURA1

    *************************************************************************

  FILE NAME : C:\ARM_proj\AT1315\Debug\Obj\InterTMR1.r79
  PROGRAM MODULE, NAME : InterTMR1

  SEGMENTS IN THE MODULE
  ======================
DATA_AN
  Relative segment, address: FFFFF108 - FFFFF10B (0x4 bytes), align: 0
  Segment part 1. ROOT.
           ENTRY                   ADDRESS         REF BY
           =====                   =======         ======
           VICVectAddr2            FFFFF108 
    -------------------------------------------------------------------------
DATA_AN
  Relative segment, address: FFFFF208 - FFFFF20B (0x4 bytes), align: 0
  Segment part 2. ROOT.
           ENTRY                   ADDRESS         REF BY
           =====                   =======         ======
           _A_VICVectCntl2         FFFFF208 
    -------------------------------------------------------------------------
DATA_AN
  Relative segment, address: E000800C - E000800F (0x4 bytes), align: 0
  Segment part 6. ROOT.
           ENTRY                   ADDRESS         REF BY
           =====                   =======         ======
           T1PR                    E000800C 
    -------------------------------------------------------------------------
DATA_AN
  Relative segment, address: E0008014 - E0008017 (0x4 bytes), align: 0
  Segment part 8. ROOT.
           ENTRY                   ADDRESS         REF BY
           =====                   =======         ======
           _A_T1MCR                E0008014 
    -------------------------------------------------------------------------
DATA_Z
  Relative segment, address: 4000205C - 4000205F (0x4 bytes), align: 2
  Segment part 12.            Intra module refs:   Segment part 17
           ENTRY                   ADDRESS         REF BY
           =====                   =======         ======
           T1TC_stop               4000205C        COM4 (AnswerCOM)
    -------------------------------------------------------------------------
CODE
  Relative segment, address: 0000300C - 00003083 (0x78 bytes), align: 2
  Segment part 14.
           ENTRY                   ADDRESS         REF BY
           =====                   =======         ======
           InitialiseTimer1        0000300C        COM5 (AnswerCOM)
                                                   main (BDKGmain)
    -------------------------------------------------------------------------
CODE
  Relative segment, address: 00003084 - 000030C3 (0x40 bytes), align: 2
  Segment part 16.            Intra module refs:   InitialiseTimer1
           LOCAL                   ADDRESS         
           =====                   =======         
           TimerInterrupt1         00003084 
               stack 1 = 00000000 ( 00000004 )
    -------------------------------------------------------------------------
CODE
  Relative segment, address: 000030C4 - 000030C7 (0x4 bytes), align: 2
  Segment part 17.            Intra module refs:   InitialiseTimer1
                                                   TimerInterrupt1

    *************************************************************************

  FILE NAME : C:\ARM_proj\AT1315\Debug\Obj\InterUART0.r79
  PROGRAM MODULE, NAME : InterUART0

  SEGMENTS IN THE MODULE
  ======================
DATA_AN
  Relative segment, address: FFFFF100 - FFFFF103 (0x4 bytes), align: 0
  Segment part 1. ROOT.
           ENTRY                   ADDRESS         REF BY
           =====                   =======         ======
           VICVectAddr0            FFFFF100 
    -------------------------------------------------------------------------
DATA_AN
  Relative segment, address: FFFFF200 - FFFFF203 (0x4 bytes), align: 0
  Segment part 2. ROOT.
           ENTRY                   ADDRESS         REF BY
           =====                   =======         ======
           _A_VICVectCntl0         FFFFF200 
    -------------------------------------------------------------------------
DATA_AN
[...]
  Segment part 3.
           ENTRY                   ADDRESS         REF BY
           =====                   =======         ======
           ??DiI_a                 0000354C        Pirq (BDKGmain)
                                                   ZAPFACTOR (InterEINT0)
                                                   main (BDKGmain)

    -------------------------------------------------------------------------
  LIBRARY MODULE, NAME : ?GetDenormal

  SEGMENTS IN THE MODULE
  ======================
CODE
  Relative segment, address: 00003568 - 000035C7 (0x60 bytes), align: 2
  Segment part 0.
           ENTRY                   ADDRESS         REF BY
           =====                   =======         ======
           ?GetDenormalX           00003568        Segment part 1 (?D_DivDouble)
                                                   Segment part 1 (?D_MulFloat)
           ?GetDenormalY           00003598        Segment part 1 (?D_DivDouble)
                                                   Segment part 1 (?D_MulFloat)

    -------------------------------------------------------------------------
  LIBRARY MODULE, NAME : ?doubleSoftLIb

  SEGMENTS IN THE MODULE
  ======================
CODE
  Relative segment, address: 000035C8 - 000035DF (0x18 bytes), align: 2
  Segment part 1.
           ENTRY                   ADDRESS         REF BY
           =====                   =======         ======
           __aeabi_ui2d            000035C8 
           __ulongToDouble         000035C8        TakingTemperature (AnswerCOM)
           __ulongToDouble::??rA   000035C8 

    -------------------------------------------------------------------------
  LIBRARY MODULE, NAME : ?D_LONG2DOUBLE

  SEGMENTS IN THE MODULE
  ======================
CODE
  Relative segment, address: 000035E0 - 0000363B (0x5c bytes), align: 2
  Segment part 1.
           ENTRY                   ADDRESS         REF BY
           =====                   =======         ======
           __aeabi_i2d             000035E0 
           __longToDouble          000035E0 
           __longToDouble::??rA    000035E0 
           __longToDubleStart      000035FC        Segment part 1 (?doubleSoftLIb)

    -------------------------------------------------------------------------
  LIBRARY MODULE, NAME : ?D_DOUBLE2ULONG

  SEGMENTS IN THE MODULE
  ======================
CODE
  Relative segment, address: 0000363C - 00003677 (0x3c bytes), align: 2
  Segment part 1.
           ENTRY                   ADDRESS         REF BY
           =====                   =======         ======
           __aeabi_d2uiz           0000363C 
           __doubleToUlong         0000363C        InitialiseTimer0 (InterTMR0)
                                                   TEMPERATURA (InterTMR0)
           __doubleToUlong::??rA   0000363C 

    -------------------------------------------------------------------------
  LIBRARY MODULE, NAME : ?D_DOUBLE2LONG

  SEGMENTS IN THE MODULE
  ======================
CODE
  Relative segment, address: 00003678 - 000036D7 (0x60 bytes), align: 2
  Segment part 1.
           ENTRY                   ADDRESS         REF BY
           =====                   =======         ======
           __aeabi_d2iz            00003678 
           __doubleToLong          00003678        I2CKOEFF (I2C_EEPROM)
                                                   SETKOEFF (InterTMR0)
                                                   TakingTemperature (AnswerCOM)
           __doubleToLong::??rA    00003678 

    -------------------------------------------------------------------------
  LIBRARY MODULE, NAME : ?D_DOUBLE2FLOAT

  SEGMENTS IN THE MODULE
  ======================
CODE
  Relative segment, address: 000036D8 - 00003793 (0xbc bytes), align: 2
  Segment part 1.
           ENTRY                   ADDRESS         REF BY
           =====                   =======         ======
           __aeabi_d2f             000036D8 
           __doubleToFloat         000036D8        COM3 (AnswerCOM)
                                                   MIDTEMPER (InterTMR0)
                                                   ReadEEPROMIntervalTemper (I2C_EEPROM)
                                                   TEMPERATURA (InterTMR0)
           __doubleToFloat::??rA   000036D8 

    -------------------------------------------------------------------------
  LIBRARY MODULE, NAME : ?FLOATEDOUBLE

  SEGMENTS IN THE MODULE
  ======================
CODE
  Relative segment, address: 00003794 - 000037F7 (0x64 bytes), align: 2
  Segment part 1.
           ENTRY                   ADDRESS         REF BY
           =====                   =======         ======
           __aeabi_f2d             00003794 
           __floatToDouble         00003794        COM3 (AnswerCOM)
                                                   I2CKOEFF (I2C_EEPROM)
                                                   InitialiseTimer0 (InterTMR0)
                                                   MIDTEMPER (InterTMR0)
                                                   ReadEEPROMIntervalTemper (I2C_EEPROM)
                                                   SETKOEFF (InterTMR0)
                                                   TEMPERATURA (InterTMR0)
                                                   TakingTemperature (AnswerCOM)
           __floatToDouble::??rA   00003794 

    -------------------------------------------------------------------------
  LIBRARY MODULE, NAME : ?SetInvalidFlag

  SEGMENTS IN THE MODULE
  ======================
CODE
  Relative segment, address: 000037F8 - 00003813 (0x1c bytes), align: 2
  Segment part 0.
           ENTRY                   ADDRESS         REF BY
           =====                   =======         ======
           ?SetInvalidFlag         000037FC        __aeabi_cdcmple (?DBL_LT)
           ?SetInvalidFlagClr      000037F8        __aeabi_cdrcmple (?DBL_GE)
                                                   __aeabi_cfrcmple (?FLT_GE)

    -------------------------------------------------------------------------
  LIBRARY MODULE, NAME : ?DBL_GE

  SEGMENTS IN THE MODULE
  ======================
CODE
  Relative segment, address: 00003814 - 00003853 (0x40 bytes), align: 2
  Segment part 0.
           ENTRY                   ADDRESS         REF BY
           =====                   =======         ======
           __aeabi_cdrcmple        00003814        Segment part 1 (?D_CmpFloat5)

    -------------------------------------------------------------------------
  LIBRARY MODULE, NAME : ?D_CmpFloat5

  SEGMENTS IN THE MODULE
  ======================
CODE
  Relative segment, address: 00003854 - 0000386B (0x18 bytes), align: 2
  Segment part 1.
           ENTRY                   ADDRESS         REF BY
           =====                   =======         ======
           __aeabi_dcmpge          00003854 
           __dGreaterEqual         00003854        TEMPERATURA (InterTMR0)
           __dGreaterEqual::??rA   00003854 

    -------------------------------------------------------------------------
  LIBRARY MODULE, NAME : ?DBL_LT

  SEGMENTS IN THE MODULE
  ======================
CODE
  Relative segment, address: 0000386C - 000038AB (0x40 bytes), align: 2
  Segment part 0.
           ENTRY                   ADDRESS         REF BY
           =====                   =======         ======
           __aeabi_cdcmple         0000386C        Segment part 1 (?D_CmpFloat4)

    -------------------------------------------------------------------------
  LIBRARY MODULE, NAME : ?D_CmpFloat4

  SEGMENTS IN THE MODULE
  ======================
CODE
  Relative segment, address: 000038AC - 000038C3 (0x18 bytes), align: 2
  Segment part 1.
           ENTRY                   ADDRESS         REF BY
           =====                   =======         ======
           __dLess                 000038AC        TEMPERATURA (InterTMR0)
           __dLess::??rA           000038AC 
           __aeabi_dcmplt          000038AC 

    -------------------------------------------------------------------------
  LIBRARY MODULE, NAME : ?D_MulFloat

  SEGMENTS IN THE MODULE
  ======================
CODE
  Relative segment, address: 000038C4 - 00003AFB (0x238 bytes), align: 2
  Segment part 1.
           ENTRY                   ADDRESS         REF BY
           =====                   =======         ======
           __dMul                  000038C4        ReadEEPROMIntervalTemper (I2C_EEPROM)
                                                   TEMPERATURA (InterTMR0)
                                                   TakingTemperature (AnswerCOM)
           __dMul::??rA            000038C4 
           __aeabi_dmul            000038C4 

    -------------------------------------------------------------------------
  LIBRARY MODULE, NAME : ?D_DivDouble

  SEGMENTS IN THE MODULE
  ======================
CODE
  Relative segment, address: 00003AFC - 00003E2F (0x334 bytes), align: 2
  Segment part 1.
           ENTRY                   ADDRESS         REF BY
           =====                   =======         ======
           __aeabi_ddiv            00003AFC 
           __dDiv                  00003AFC        COM3 (AnswerCOM)
                                                   InitialiseTimer0 (InterTMR0)
                                                   MIDTEMPER (InterTMR0)
                                                   TEMPERATURA (InterTMR0)
           __dDiv::??rA            00003AFC 

    -------------------------------------------------------------------------
  LIBRARY MODULE, NAME : ?D_SubDouble

  SEGMENTS IN THE MODULE
  ======================
CODE
  Relative segment, address: 00003E30 - 00004027 (0x1f8 bytes), align: 2
  Segment part 1.
           ENTRY                   ADDRESS         REF BY
           =====                   =======         ======
           __aeabi_dsub            00003E30 
           __dSub                  00003E30        TEMPERATURA (InterTMR0)
                                                   TakingTemperature (AnswerCOM)
           __dSub::??rA            00003E30 
           __DoSub                 00003E40        Segment part 1 (?D_AddDouble)

    -------------------------------------------------------------------------
  LIBRARY MODULE, NAME : ?D_AddDouble

  SEGMENTS IN THE MODULE
  ======================
CODE
  Relative segment, address: 00004028 - 0000416B (0x144 bytes), align: 2
  Segment part 1.
           ENTRY                   ADDRESS         REF BY
           =====                   =======         ======
           __aeabi_dadd            00004028 
           __dAdd                  00004028        I2CKOEFF (I2C_EEPROM)
                                                   SETKOEFF (InterTMR0)
           __dAdd::??rA            00004028 
           __DoAdd                 00004038        Segment part 1 (?D_SubDouble)

    -------------------------------------------------------------------------
  LIBRARY MODULE, NAME : ?F_LONG2FLOAT

  SEGMENTS IN THE MODULE
  ======================
CODE
  Relative segment, address: 0000416C - 000041D3 (0x68 bytes), align: 2
  Segment part 1.
           ENTRY                   ADDRESS         REF BY
           =====                   =======         ======
           __aeabi_i2f             0000416C 
           __longToFloat           0000416C        TEMPERATURA (InterTMR0)
           __longToFloat::??rA     0000416C 
           __longToFloatStart      00004180 

    -------------------------------------------------------------------------
  LIBRARY MODULE, NAME : ?F_FLOAT2LONG

  SEGMENTS IN THE MODULE
  ======================
CODE
  Relative segment, address: 000041D4 - 0000422B (0x58 bytes), align: 2
  Segment part 1.
           ENTRY                   ADDRESS         REF BY
           =====                   =======         ======
           __aeabi_f2iz            000041D4 
           __floatToLong           000041D4        TakingTemperature (AnswerCOM)
           __floatToLong::??rA     000041D4 

    -------------------------------------------------------------------------
  LIBRARY MODULE, NAME : ?FLT_GE

  SEGMENTS IN THE MODULE
  ======================
CODE
  Relative segment, address: 0000422C - 00004263 (0x38 bytes), align: 2
  Segment part 0.
           ENTRY                   ADDRESS         REF BY
           =====                   =======         ======
           __aeabi_cfrcmple        0000422C        Segment part 1 (?F_CmpFloat5)

    -------------------------------------------------------------------------
  LIBRARY MODULE, NAME : ?F_CmpFloat5

  SEGMENTS IN THE MODULE
  ======================
CODE
  Relative segment, address: 00004264 - 0000427B (0x18 bytes), align: 2
  Segment part 1.
           ENTRY                   ADDRESS         REF BY
           =====                   =======         ======
           __aeabi_fcmpge          00004264 
           __fGreaterEqual         00004264        TakingTemperature (AnswerCOM)
           __fGreaterEqual::??rA   00004264 

    -------------------------------------------------------------------------
  LIBRARY MODULE, NAME : ?F_DivFloat

  SEGMENTS IN THE MODULE
  ======================
CODE
  Relative segment, address: 0000427C - 00004463 (0x1e8 bytes), align: 2
  Segment part 1.
           ENTRY                   ADDRESS         REF BY
           =====                   =======         ======
           __aeabi_fdiv            0000427C 
           __fDiv                  0000427C        TEMPERATURA (InterTMR0)
           __fDiv::??rA            0000427C 

    -------------------------------------------------------------------------
  LIBRARY MODULE, NAME : ?floatSoftLib

  SEGMENTS IN THE MODULE
  ======================
CODE
  Relative segment, address: 00004464 - 000045A3 (0x140 bytes), align: 2
  Segment part 1.
           ENTRY                   ADDRESS         REF BY
           =====                   =======         ======
           __aeabi_fsub            00004464 
           __fSub                  00004464 
           __fSub::??rA            00004464 
           __fDoSub                00004470        Segment part 1 (?F_AddDouble)

    -------------------------------------------------------------------------
  LIBRARY MODULE, NAME : ?F_AddDouble

  SEGMENTS IN THE MODULE
  ======================
CODE
  Relative segment, address: 000045A4 - 00004673 (0xd0 bytes), align: 2
  Segment part 1.
           ENTRY                   ADDRESS         REF BY
           =====                   =======         ======
           __aeabi_fadd            000045A4 
           __fAdd                  000045A4        MIDTEMPER (InterTMR0)
           __fAdd::??rA            000045A4 
           __fDoAdd                000045B0        Segment part 1 (?floatSoftLib)

    *************************************************************************

  DEFINED ABSOLUTE ENTRIES
  PROGRAM MODULE, NAME : ?FILLER_BYTES

  SEGMENTS IN THE MODULE
  ======================
INTVEC
  Common segment, address: 00000000 - 0000003B (0x3c bytes), align: 0
  Segment part 1.
    -------------------------------------------------------------------------
?FILL1
  Relative segment, address: 0000497E - 0001DFFF (0x19682 bytes), align: 0
  Segment part 0.

    *************************************************************************

  DEFINED ABSOLUTE ENTRIES
  PROGRAM MODULE, NAME : ?CHECKSUM

  SEGMENTS IN THE MODULE
  ======================
CHECKSUM
  Relative segment, address: 0000497C - 0000497D (0x2 bytes), align: 0
  Segment part 1. ROOT.
           ENTRY                   ADDRESS         REF BY
           =====                   =======         ======
           __checksum              0000497C 




                ****************************************
                *                                      *
                *      SEGMENTS IN ADDRESS ORDER       *
                *                                      *
                ****************************************


SEGMENT              SPACE    START ADDRESS   END ADDRESS     SIZE  TYPE  ALIGN
=======              =====    =============   ===========     ====  ====  =====
INTVEC                             00000000 - 0000003B          3C   com    2
ICODE                              0000003C - 00000163         128   rel    2
DIFUNCT                                 00000164                     rel    2
CODE                               00000164 - 00004673        4510   rel    2
INITTAB                            00004674 - 0000468B          18   rel    2
DATA_ID                            0000468C - 0000497B         2F0   rel    2
CHECKSUM                           0000497C - 0000497D           2   rel    0
?FILL1                             0000497E - 0001DFFF       19682   rel    0
DATA_I                             40000000 - 400002EF         2F0   rel    2
DATA_Z                             400002F0 - 40002069        1D7A   rel    2
CSTACK                             4000206C - 4000226B         200   rel    2
FIQ_STACK                          4000226C - 4000246B         200   rel    2
IRQ_STACK                          4000246C - 4000266B         200   rel    2
DATA_AN                            E0000000 - E000000B           C   rel    0
                                   E0004000 - E000401B          1C 
                                   E0008000 - E000801B          1C 
                                   E000C000 - E000C000           1 
                                   E000C004 - E000C004           1 
                                   E000C008 - E000C008           1 
                                   E000C00C - E000C00C           1 
                                   E000C014 - E000C014           1 
                                   E001C000 - E001C00B           C 
                                   E001C010 - E001C01B           C 
                                   E0028000 - E002800F          10 
                                   E0028020 - E002802F          10 
                                   E0028034 - E002803B           8 
                                   E002C000 - E002C007           8 
                                   E002C014 - E002C017           4 
                                   E01FC000 - E01FC007           8 
                                   E01FC040 - E01FC043           4 
                                   E01FC0C4 - E01FC0C7           4 
                                   E01FC100 - E01FC103           4 
                                   E01FC140 - E01FC143           4 
                                   E01FC148 - E01FC14F           8 
                                   FFE00008 - FFE0000F           8 
                                   FFFFF00C - FFFFF017           C 
                                   FFFFF030 - FFFFF033           4 
                                   FFFFF100 - FFFFF10F          10 
DATA_AN                            FFFFF200 - FFFFF20F          10   rel    0


                ****************************************
                *                                      *
                *              CHECKSUMS               *
                *                                      *
                ****************************************

Symbol      Checksum  Memory  Start      End       Initial value
------      --------  ------  -----      ---       -------------
__checksum    0x196e   CODE   00000000 - 0000497B       0x0
                       CODE   0000497E - 0001DFFF

                ****************************************
                *                                      *
                *        END OF CROSS REFERENCE        *
                *                                      *
                ****************************************

 18 036 bytes of CODE  memory (+              104 066 range fill )
  9 834 bytes of DATA  memory (+ 237 absolute )
    778 bytes of CONST memory

Errors: none
Warnings: none

